
<!DOCTYPE html>
<html lang="en">
<head>
    <meta charset="UTF-8">
    <meta name="viewport" content="width=device-width, initial-scale=1.0">
    <meta name="description" content="Eye-catching visuals that capture your brand essence. From logos to complete brand identity packages. Professional graphics design services by Kalpanik, a creative agency in Kolkata.">
    <meta name="keywords" content="graphics design, graphics design services Kolkata, graphics design agency, Kalpanik">
    <meta name="author" content="Kalpanik Digital">
    <meta name="robots" content="index, follow">
    <link rel="canonical" href="http://localhost/kalpoink/services/graphics-design">
    <title>Graphics Design Services in Kolkata - Kalpanik</title>

    <!-- Favicon -->
        <link rel="icon" type="image/png" sizes="48x48" href="/kalpoink/assets/images/favicon.png?v=1773290518">
    <link rel="icon" type="image/png" sizes="32x32" href="/kalpoink/assets/images/favicon.png?v=1773290518">
    <link rel="icon" type="image/png" sizes="16x16" href="/kalpoink/assets/images/favicon.png?v=1773290518">
    <link rel="shortcut icon" href="/kalpoink/assets/images/favicon.png?v=1773290518">
    <link rel="apple-touch-icon" sizes="180x180" href="/kalpoink/assets/images/favicon.png?v=1773290518">
    
    <!-- Open Graph / Facebook -->
    <meta property="og:type" content="website">
    <meta property="og:url" content="http://localhost/kalpoink/services/graphics-design">
    <meta property="og:title" content="Graphics Design Services in Kolkata - Kalpanik">
    <meta property="og:description" content="Eye-catching visuals that capture your brand essence. From logos to complete brand identity packages. Professional graphics design services by Kalpanik, a creative agency in Kolkata.">
    <meta property="og:image" content="http://localhost/kalpoink/uploads/site_logo_1770443201.png">
    <meta property="og:site_name" content="Kalpanik">
    <meta property="og:locale" content="en_IN">

    <!-- Twitter Card -->
    <meta name="twitter:card" content="summary_large_image">
    <meta name="twitter:title" content="Graphics Design Services in Kolkata - Kalpanik">
    <meta name="twitter:description" content="Eye-catching visuals that capture your brand essence. From logos to complete brand identity packages. Professional graphics design services by Kalpanik, a creative agency in Kolkata.">
    <meta name="twitter:image" content="http://localhost/kalpoink/uploads/site_logo_1770443201.png">
    <!-- JSON-LD Structured Data -->
    <script type="application/ld+json">
    {
        "@context": "https://schema.org",
        "@graph": [
            {
                "@type": "Organization",
                "@id": "http://localhost/kalpoink/#organization",
                "name": "Kalpanik",
                "alternateName": "Kalpanik Digital",
                "url": "http://localhost/kalpoink",
                "logo": "http://localhost/kalpoink/uploads/site_logo_1770443201.png",
                "description": "Leading content marketing and creative agency in Kolkata specializing in content strategy, graphics design, brand identity, social media marketing, web development, and SEO.",
                "address": {
                    "@type": "PostalAddress",
                    "streetAddress": "225 Bagmari Road",
                    "addressLocality": "Kolkata",
                    "postalCode": "700054",
                    "addressRegion": "West Bengal",
                    "addressCountry": "IN"
                },
                "contactPoint": {
                    "@type": "ContactPoint",
                    "telephone": "+91 891 082 1105",
                    "contactType": "customer service",
                    "email": "kalpanik@gmail.com",
                    "areaServed": "IN",
                    "availableLanguage": ["English", "Hindi", "Bengali"]
                },
                "sameAs": [
                    
                ],
                "knowsAbout": ["Content Marketing", "Content Strategy", "Graphics Design", "Brand Identity", "Social Media Marketing", "Web Development", "SEO", "Digital Marketing"]
            },
            {
                "@type": "LocalBusiness",
                "@id": "http://localhost/kalpoink/#localbusiness",
                "name": "Kalpanik",
                "image": "http://localhost/kalpoink/uploads/site_logo_1770443201.png",
                "url": "http://localhost/kalpoink",
                "telephone": "+91 891 082 1105",
                "priceRange": "$$",
                "address": {
                    "@type": "PostalAddress",
                    "streetAddress": "225 Bagmari Road",
                    "addressLocality": "Kolkata",
                    "postalCode": "700054",
                    "addressRegion": "West Bengal",
                    "addressCountry": "IN"
                },
                "geo": {
                    "@type": "GeoCoordinates",
                    "latitude": "22.5726",
                    "longitude": "88.3639"
                },
                "openingHoursSpecification": {
                    "@type": "OpeningHoursSpecification",
                    "dayOfWeek": ["Monday", "Tuesday", "Wednesday", "Thursday", "Friday", "Saturday"],
                    "opens": "10:00",
                    "closes": "19:00"
                }
            },
            {
                "@type": "WebSite",
                "@id": "http://localhost/kalpoink/#website",
                "url": "http://localhost/kalpoink",
                "name": "Kalpanik",
                "publisher": {"@id": "http://localhost/kalpoink/#organization"},
                "potentialAction": {
                    "@type": "SearchAction",
                    "target": "http://localhost/kalpoink/blog?q={search_term_string}",
                    "query-input": "required name=search_term_string"
                }
            },
            {
                "@type": "SiteNavigationElement",
                "name": ["Home", "About Us", "Services", "Case Studies", "Blog", "Contact Us"],
                "url": [
                    "http://localhost/kalpoink/",
                    "http://localhost/kalpoink/about",
                    "http://localhost/kalpoink/services",
                    "http://localhost/kalpoink/case-studies",
                    "http://localhost/kalpoink/blog",
                    "http://localhost/kalpoink/contact"
                ]
            }
        ]
    }
    </script>
    
    <!-- Google Fonts -->
    <link rel="preconnect" href="https://fonts.googleapis.com">
    <link rel="preconnect" href="https://fonts.gstatic.com" crossorigin>
    <link href="https://fonts.googleapis.com/css2?family=Plus+Jakarta+Sans:wght@800&family=DM+Sans:wght@400;600&display=swap" rel="stylesheet">
    
    <!-- Bootstrap CSS -->
    <link href="https://cdn.jsdelivr.net/npm/bootstrap@5.3.2/dist/css/bootstrap.min.css" rel="stylesheet">
    
    <!-- Font Awesome -->
    <link rel="stylesheet" href="https://cdnjs.cloudflare.com/ajax/libs/font-awesome/6.5.1/css/all.min.css">
    
    <!-- AOS Animation Library -->
    <link href="https://unpkg.com/aos@2.3.1/dist/aos.css" rel="stylesheet">
    
    <!-- Custom CSS (with auto cache-busting) -->
    <link rel="stylesheet" href="/kalpoink/assets/css/style.css?v=1773464387">
    
    <!-- Services Page Specific Styles -->
    
    <!-- Service Detail Page Styles -->
        <link rel="stylesheet" href="/kalpoink/assets/css/service-detail.css?v=1773291679">
    </head>
<body>
    <!-- Preloader -->
    <div id="preloader">
        <div class="preloader-inner">
            <img src="http://localhost/kalpoink/uploads/site_logo_1770443201.png" alt="Kalpanik" class="preloader-logo">
            <div class="preloader-bar"><div class="preloader-bar-fill"></div></div>
        </div>
    </div>

    <!-- Navbar -->
    <nav class="navbar navbar-expand-lg fixed-top" data-bs-theme="dark" aria-label="Main navigation">
        <div class="container">
            <!-- Logo -->
            <a class="navbar-brand" href="/kalpoink/">
                <img src="http://localhost/kalpoink/uploads/site_logo_1770443201.png" alt="Kalpanik" class="navbar-logo">
            </a>
            
            <!-- Mobile Toggle (CSS transforms into X when open) -->
            <button class="navbar-toggler collapsed" type="button" data-bs-toggle="collapse" data-bs-target="#navbarNav" aria-controls="navbarNav" aria-expanded="false" aria-label="Toggle navigation">
                <span class="toggler-bar"></span>
                <span class="toggler-bar"></span>
                <span class="toggler-bar"></span>
            </button>
            
            <!-- Nav Links -->
            <div class="collapse navbar-collapse" id="navbarNav">
                <!-- Mobile menu header -->
                <div class="mobile-menu-header d-lg-none">
                    <a class="mobile-menu-logo" href="/kalpoink/">
                        <img src="http://localhost/kalpoink/uploads/site_logo_1770443201.png" alt="Kalpanik" height="30">
                    </a>
                </div>

                <ul class="navbar-nav mx-auto">
                    <li class="nav-item">
                        <a class="nav-link active" href="/kalpoink/">
                            <span class="nav-icon d-lg-none"><i class="fas fa-home"></i></span>
                            Home
                        </a>
                    </li>
                    <li class="nav-item">
                        <a class="nav-link " href="/kalpoink/about">
                            <span class="nav-icon d-lg-none"><i class="fas fa-users"></i></span>
                            About Us
                        </a>
                    </li>
                    <li class="nav-item dropdown">
                        <a class="nav-link active" href="/kalpoink/services">
                            <span class="nav-icon d-lg-none"><i class="fas fa-briefcase"></i></span>
                            Our Services
                        </a>
                        <button class="dropdown-toggle dropdown-toggle-split" data-bs-toggle="dropdown" aria-expanded="false" aria-label="Toggle Services submenu"></button>
                        <ul class="dropdown-menu">
                            <li><a class="dropdown-item" href="/kalpoink/services">All Services</a></li>
                            <li><hr class="dropdown-divider"></li>
                                                                                            <li><a class="dropdown-item" href="/kalpoink/services/graphics">Graphics Design</a></li>
                                                                <li><a class="dropdown-item" href="/kalpoink/services/branding">Brand Identity</a></li>
                                                                <li><a class="dropdown-item" href="/kalpoink/services/smm">Social Media Marketing</a></li>
                                                                <li><a class="dropdown-item" href="/kalpoink/services/web">Web Development</a></li>
                                                                <li><a class="dropdown-item" href="/kalpoink/services/seo">SEO Services</a></li>
                                                                <li><a class="dropdown-item" href="/kalpoink/services/content">Content Marketing</a></li>
                                                                                    </ul>
                    </li>
                    <li class="nav-item">
                        <a class="nav-link " href="/kalpoink/case-studies">
                            <span class="nav-icon d-lg-none"><i class="fas fa-layer-group"></i></span>
                            Case Studies
                        </a>
                    </li>
                    <li class="nav-item">
                        <a class="nav-link " href="/kalpoink/blog">
                            <span class="nav-icon d-lg-none"><i class="fas fa-pen-nib"></i></span>
                            Blog
                        </a>
                    </li>
                    <li class="nav-item">
                        <a class="nav-link " href="/kalpoink/contact">
                            <span class="nav-icon d-lg-none"><i class="fas fa-envelope"></i></span>
                            Contact Us
                        </a>
                    </li>
                </ul>
                
                <!-- CTA Button -->
                <a href="/kalpoink/contact" class="btn btn-primary cta-btn">
                    <span class="btn-text">Get Enquiry Now</span>
                    <i class="fas fa-arrow-right btn-arrow"></i>
                </a>

                <!-- Mobile menu footer -->
                <div class="mobile-menu-footer d-lg-none">
                    <div class="mobile-menu-socials">
                                                                                            </div>
                    <p class="mobile-menu-tagline">Crafting digital experiences ✨</p>
                </div>
            </div>
        </div>
    </nav>

    <!-- Breadcrumb + Hero -->
    <section class="svc-detail-hero">
        <div class="container">
            <nav class="svc-detail-breadcrumb" aria-label="Breadcrumb">
                <a href="http://localhost/kalpoink/">Home</a>
                <span class="svc-bc-sep">/</span>
                <a href="http://localhost/kalpoink/services">Services</a>
                <span class="svc-bc-sep">/</span>
                <span class="svc-bc-current">Graphics Design</span>
            </nav>
            <div class="row align-items-center">
                <div class="col-lg-7" data-aos="fade-right">
                    <div class="svc-detail-hero-icon">
                        <i class="fas fa-palette"></i>
                    </div>
                    <h1 class="svc-detail-hero-title">Graphics Design</h1>
                    <p class="svc-detail-hero-subtitle">Eye-catching visuals that capture your brand essence. From logos to complete brand identity packages.</p>
                    <a href="http://localhost/kalpoink/contact" class="btn-services-cta">
                        <span>Get a Free Quote</span>
                        <i class="fas fa-arrow-right"></i>
                    </a>
                </div>
                <!-- Right Side Image Graphic -->
                <div class="col-lg-5 d-none d-lg-block" data-aos="fade-left">
                                        <div class="svc-detail-hero-img">
                        <img src="http://localhost/kalpoink/assets/images/services/graphics-design.png" alt="Graphics Design Services Graphic">
                    </div>
                                    </div>
            </div>
        </div>
    </section>

    <!-- Service Content -->
    <section class="svc-detail-content" style="padding: 64px 0;">
        <div class="container">
            <div class="row">
                <div class="col-lg-7" data-aos="fade-up">
                    <h2 class="svc-detail-section-title">What We Offer</h2>
                    <div class="svc-detail-body">
                        <p>At Kalpanik, our graphics design team transforms ideas into stunning visual experiences. Whether you need a logo that tells your story, marketing collateral that converts, or social media graphics that stop the scroll — we deliver designs that leave lasting impressions.</p><p>We combine creative flair with strategic thinking to ensure every design element serves a purpose. Our team stays on top of the latest design trends while maintaining timeless quality that represents your brand for years to come.</p>                    </div>
                </div>
                <div class="col-lg-5" data-aos="fade-up" data-aos-delay="100">
                                        <div class="svc-detail-features-card">
                        <h3 class="svc-detail-features-heading">What's Included</h3>
                        <ul class="svc-detail-features-list">
                                                        <li>
                                <i class="fas fa-check"></i>
                                <span>Logo Design</span>
                            </li>
                                                        <li>
                                <i class="fas fa-check"></i>
                                <span>Business Cards</span>
                            </li>
                                                        <li>
                                <i class="fas fa-check"></i>
                                <span>Brochures &amp; Flyers</span>
                            </li>
                                                        <li>
                                <i class="fas fa-check"></i>
                                <span>Social Media Graphics</span>
                            </li>
                                                        <li>
                                <i class="fas fa-check"></i>
                                <span>Infographics</span>
                            </li>
                                                        <li>
                                <i class="fas fa-check"></i>
                                <span>Packaging Design</span>
                            </li>
                                                        <li>
                                <i class="fas fa-check"></i>
                                <span>Poster &amp; Banner Design</span>
                            </li>
                                                        <li>
                                <i class="fas fa-check"></i>
                                <span>Illustration</span>
                            </li>
                                                    </ul>
                        <a href="http://localhost/kalpoink/contact" class="svc-detail-features-btn">
                            Start a Project <i class="fas fa-arrow-right"></i>
                        </a>
                    </div>
                                    </div>
            </div>
        </div>
    </section>

    <!-- Related Services -->
        <section class="svc-detail-related">
        <div class="container">
            <h2 class="svc-detail-section-title text-center" data-aos="fade-up">Explore Other Services</h2>
            <p class="svc-detail-section-sub text-center" data-aos="fade-up" data-aos-delay="50">Discover more ways we can help grow your brand</p>
            <div class="svc-detail-related-grid" data-aos="fade-up" data-aos-delay="100">
                                <a href="http://localhost/kalpoink/services/branding" class="svc-related-card">
                    <div class="svc-related-icon">
                        <i class="fas fa-bullhorn"></i>
                    </div>
                    <h3 class="svc-related-title">Brand Identity</h3>
                    <p class="svc-related-desc">Build a memorable brand with consistent visual identity across all touchpoints.</p>
                    <span class="svc-related-link">Learn More <i class="fas fa-arrow-right"></i></span>
                </a>
                                <a href="http://localhost/kalpoink/services/smm" class="svc-related-card">
                    <div class="svc-related-icon">
                        <i class="fas fa-share-nodes"></i>
                    </div>
                    <h3 class="svc-related-title">Social Media Marketing</h3>
                    <p class="svc-related-desc">Strategic social media campaigns that engage audiences and drive conversions.</p>
                    <span class="svc-related-link">Learn More <i class="fas fa-arrow-right"></i></span>
                </a>
                                <a href="http://localhost/kalpoink/services/web" class="svc-related-card">
                    <div class="svc-related-icon">
                        <i class="fas fa-code"></i>
                    </div>
                    <h3 class="svc-related-title">Web Development</h3>
                    <p class="svc-related-desc">Modern, responsive websites that deliver exceptional user experiences.</p>
                    <span class="svc-related-link">Learn More <i class="fas fa-arrow-right"></i></span>
                </a>
                                <a href="http://localhost/kalpoink/services/seo" class="svc-related-card">
                    <div class="svc-related-icon">
                        <i class="fas fa-magnifying-glass"></i>
                    </div>
                    <h3 class="svc-related-title">SEO Services</h3>
                    <p class="svc-related-desc">Improve your search rankings and drive organic traffic to your website.</p>
                    <span class="svc-related-link">Learn More <i class="fas fa-arrow-right"></i></span>
                </a>
                            </div>
        </div>
    </section>
    
    <!-- CTA Section -->
    <section class="svc-detail-cta">
        <div class="container text-center">
            <h2 class="svc-detail-cta-title" data-aos="fade-up">Ready to Get Started?</h2>
            <p class="svc-detail-cta-text" data-aos="fade-up" data-aos-delay="100">Let's discuss how our graphics design services can help grow your business.</p>
            <a href="http://localhost/kalpoink/contact" class="btn-services-cta" data-aos="fade-up" data-aos-delay="200">
                <span>Get Enquiry Now</span>
                <i class="fas fa-arrow-right"></i>
            </a>
        </div>
    </section>

    <!-- Footer -->
    <footer class="footer-v2">
        <!-- Dark card with rounded top corners -->
        <div class="footer-v2-card">
            <div class="container">
                <!-- Row 1: Brand + CTA -->
                <div class="footer-v2-top">
                    <div class="footer-v2-left">
                        <a href="/kalpoink/" class="footer-v2-logo">
                            <img src="http://localhost/kalpoink/uploads/site_logo_1770443201.png" alt="Kalpanik">
                        </a>
                        <div class="footer-v2-socials">
                                                                                                            </div>
                        <!-- Contact info under socials -->
                        <div class="footer-v2-contact">
                            <div class="footer-v2-contact-item">
                                <span class="footer-v2-contact-label">Email</span>
                                <a href="mailto:kalpanik@gmail.com">kalpanik@gmail.com</a>
                            </div>
                            <div class="footer-v2-contact-item">
                                <span class="footer-v2-contact-label">Phone Number</span>
                                <a href="tel:+91 891 082 1105">+91 891 082 1105</a>
                            </div>
                        </div>
                    </div>

                    <!-- Quick Links -->
                    <nav class="footer-v2-nav" aria-label="Footer navigation">
                        <div class="footer-v2-nav-col">
                            <h4 class="footer-v2-nav-heading">Quick Links</h4>
                            <ul class="footer-v2-nav-list">
                                <li><a href="/kalpoink/">Home</a></li>
                                <li><a href="/kalpoink/about">About Us</a></li>
                                <li><a href="/kalpoink/services">Services</a></li>
                                <li><a href="/kalpoink/case-studies">Case Studies</a></li>
                                <li><a href="/kalpoink/blog">Blog</a></li>
                                <li><a href="/kalpoink/contact">Contact Us</a></li>
                            </ul>
                        </div>
                        <div class="footer-v2-nav-col">
                            <h4 class="footer-v2-nav-heading">Our Services</h4>
                            <ul class="footer-v2-nav-list">
                                                                                                        <li><a href="/kalpoink/services/graphics">Graphics Design</a></li>
                                                                        <li><a href="/kalpoink/services/branding">Brand Identity</a></li>
                                                                        <li><a href="/kalpoink/services/smm">Social Media Marketing</a></li>
                                                                        <li><a href="/kalpoink/services/web">Web Development</a></li>
                                                                        <li><a href="/kalpoink/services/seo">SEO Services</a></li>
                                                                        <li><a href="/kalpoink/services/content">Content Marketing</a></li>
                                                                                                </ul>
                        </div>
                    </nav>

                    <div class="footer-v2-cta">
                                                <h3 class="footer-v2-cta-title">Ready to Transform Your Brand?</h3>
                        <p class="footer-v2-cta-text">Let's create something extraordinary together. Get in touch with us today and start your digital journey.</p>
                        <a href="/kalpoink/contact" class="footer-v2-cta-btn">
                            Get enquiry now <i class="fas fa-arrow-right"></i>
                        </a>
                    </div>
                </div>
            </div>
        </div>

        <!-- Bottom bar: outside the dark card -->
        <div class="footer-v2-bottom-bar">
            <div class="container">
                <div class="footer-v2-legal">
                    <span>&copy; 2026 Kalpanik</span>
                    <span class="footer-v2-dot">&bull;</span>
                    <span>All Rights Reserved</span>
                    <span class="footer-v2-dot">&bull;</span>
                    <a href="#">Terms & Conditions</a>
                    <span class="footer-v2-dot">&bull;</span>
                    <a href="#">Privacy Policy</a>
                </div>
            </div>
        </div>
    </footer>

    <!-- Back to Top Button -->
    <button id="backToTop" class="back-to-top" aria-label="Back to top">
        <i class="fas fa-chevron-up"></i>
    </button>

    <!-- Bootstrap JS -->
    <script src="https://cdn.jsdelivr.net/npm/bootstrap@5.3.2/dist/js/bootstrap.bundle.min.js"></script>

    <!-- AOS Animation Library -->
    <script src="https://unpkg.com/aos@2.3.1/dist/aos.js"></script>

    <!-- GSAP Animation Library -->
    <script src="https://cdnjs.cloudflare.com/ajax/libs/gsap/3.12.2/gsap.min.js"></script>

    <!-- Custom JS (with auto cache-busting) -->
    <script src="/kalpoink/assets/js/main.js?v=1773408525"></script>
</body>
</html>
